\BOOKMARK [0][-]{part.1}{\376\377\000I\000\040\000F\000o\000u\000n\000d\000a\000t\000i\000o\000n\000s}{}% 1
\BOOKMARK [1][-]{section.1}{\376\377\000I\000n\000t\000r\000o\000d\000u\000c\000t\000i\000o\000n\000\040\000a\000n\000d\000\040\000M\000a\000i\000n\000\040\000R\000e\000s\000u\000l\000t\000s}{part.1}% 2
\BOOKMARK [2][-]{subsection.1.1}{\376\377\000H\000i\000s\000t\000o\000r\000i\000c\000a\000l\000\040\000C\000o\000n\000t\000e\000x\000t}{section.1}% 3
\BOOKMARK [3][-]{subsubsection.1.1.1}{\376\377\000T\000h\000e\000\040\000P\000R\000Z\000Z\000\040\000F\000r\000a\000m\000e\000w\000o\000r\000k}{subsection.1.1}% 4
\BOOKMARK [3][-]{subsubsection.1.1.2}{\376\377\000M\000e\000t\000h\000o\000d\000o\000l\000o\000g\000y\000\040\000a\000n\000d\000\040\000V\000a\000l\000i\000d\000a\000t\000i\000o\000n}{subsection.1.1}% 5
\BOOKMARK [3][-]{subsubsection.1.1.3}{\376\377\000T\000h\000e\000\040\000K\000e\000y\000\040\000D\000i\000s\000c\000o\000v\000e\000r\000y\000:\000\040\000G\000o\000i\000n\000g\000\040\000B\000e\000l\000o\000w\000\040\000t\000h\000e\000\040\000D\000i\000a\000g\000o\000n\000a\000l}{subsection.1.1}% 6
\BOOKMARK [2][-]{subsection.1.2}{\376\377\000M\000a\000i\000n\000\040\000R\000e\000s\000u\000l\000t\000s}{section.1}% 7
\BOOKMARK [2][-]{subsection.1.3}{\376\377\000C\000o\000m\000p\000a\000r\000i\000s\000o\000n\000\040\000w\000i\000t\000h\000\040\000P\000R\000Z\000Z\000\040\000B\000a\000s\000e\000l\000i\000n\000e}{section.1}% 8
\BOOKMARK [1][-]{section.2}{\376\377\000T\000h\000e\000\040\000\040\000B\000o\000u\000n\000d\000\040\000F\000r\000a\000m\000e\000w\000o\000r\000k}{part.1}% 9
\BOOKMARK [2][-]{subsection.2.1}{\376\377\000L\000e\000v\000i\000n\000s\000o\000n\000-\000T\000y\000p\000e\000\040\000B\000o\000u\000n\000d}{section.2}% 10
\BOOKMARK [2][-]{subsection.2.2}{\376\377\000M\000o\000l\000l\000i\000f\000i\000e\000r\000\040\000S\000t\000r\000u\000c\000t\000u\000r\000e}{section.2}% 11
\BOOKMARK [2][-]{subsection.2.3}{\376\377\000M\000a\000i\000n\000\040\000T\000e\000r\000m\000\040\000A\000s\000s\000e\000m\000b\000l\000y\000\040\000F\000o\000r\000m\000u\000l\000a}{section.2}% 12
\BOOKMARK [1][-]{section.3}{\376\377\000P\000o\000l\000y\000n\000o\000m\000i\000a\000l\000\040\000D\000e\000f\000i\000n\000i\000t\000i\000o\000n\000s\000\040\000a\000n\000d\000\040\000C\000o\000n\000s\000t\000r\000a\000i\000n\000t\000s}{part.1}% 13
\BOOKMARK [2][-]{subsection.3.1}{\376\377\000A\000d\000m\000i\000s\000s\000i\000b\000i\000l\000i\000t\000y\000\040\000C\000o\000n\000s\000t\000r\000a\000i\000n\000t\000s}{section.3}% 14
\BOOKMARK [2][-]{subsection.3.2}{\376\377\000T\000i\000l\000d\000e\000-\000C\000o\000e\000f\000f\000i\000c\000i\000e\000n\000t\000\040\000B\000a\000s\000i\000s}{section.3}% 15
\BOOKMARK [2][-]{subsection.3.3}{\376\377\000P\000R\000Z\000Z\000\040\000B\000a\000s\000e\000l\000i\000n\000e\000\040\000P\000o\000l\000y\000n\000o\000m\000i\000a\000l\000s}{section.3}% 16
\BOOKMARK [2][-]{subsection.3.4}{\376\377\000O\000p\000t\000i\000m\000i\000z\000e\000d\000\040\000P\000o\000l\000y\000n\000o\000m\000i\000a\000l\000s\000\040\000\050\000T\000h\000i\000s\000\040\000W\000o\000r\000k\000\051}{section.3}% 17
\BOOKMARK [2][-]{subsection.3.5}{\376\377\000V\000i\000s\000u\000a\000l\000\040\000C\000o\000m\000p\000a\000r\000i\000s\000o\000n\000:\000\040\000T\000h\000e\000\040\000B\000r\000e\000a\000k\000t\000h\000r\000o\000u\000g\000h}{section.3}% 18
\BOOKMARK [0][-]{part.2}{\376\377\000I\000I\000\040\000I\000n\000t\000e\000g\000r\000a\000l\000\040\000S\000t\000r\000u\000c\000t\000u\000r\000e}{}% 19
\BOOKMARK [1][-]{section.4}{\376\377\000T\000h\000e\000\040\000F\000i\000v\000e\000\040\000I\000n\000t\000e\000g\000r\000a\000l\000\040\000T\000y\000p\000e\000s}{part.2}% 20
\BOOKMARK [2][-]{subsection.4.1}{\376\377\000I\0001\000:\000\040\000M\000a\000i\000n\000\040\000C\000o\000u\000p\000l\000e\000d\000\040\000T\000e\000r\000m\000\040\000\050\0002\000/\000x\000\040\000y\000\051}{section.4}% 21
\BOOKMARK [2][-]{subsection.4.2}{\376\377\000I\0002\000:\000\040\000D\000e\000c\000o\000u\000p\000l\000e\000d\000\040\000T\000e\000r\000m\000\040\000\050\000N\000o\000\040\000D\000e\000r\000i\000v\000a\000t\000i\000v\000e\000s\000\051}{section.4}% 22
\BOOKMARK [2][-]{subsection.4.3}{\376\377\000I\0003\000:\000\040\000S\000i\000n\000g\000l\000e\000\040\000X\000\040\000D\000e\000r\000i\000v\000a\000t\000i\000v\000e\000\040\000\050\000/\000x\000\051}{section.4}% 23
\BOOKMARK [2][-]{subsection.4.4}{\376\377\000I\0004\000:\000\040\000S\000i\000n\000g\000l\000e\000\040\000Y\000\040\000D\000e\000r\000i\000v\000a\000t\000i\000v\000e\000\040\000\050\000/\000y\000\051}{section.4}% 24
\BOOKMARK [2][-]{subsection.4.5}{\376\377\000I\0005\000:\000\040\000E\000r\000r\000o\000r\000\040\000T\000e\000r\000m\000\040\000\050\000O\000\050\000T\000/\000L\0002\000\051\000\051}{section.4}% 25
\BOOKMARK [1][-]{section.5}{\376\377\000-\000C\000a\000s\000e\000\040\000C\000l\000a\000s\000s\000i\000f\000i\000c\000a\000t\000i\000o\000n\000\040\000\050\000P\000R\000Z\000Z\000\040\000S\000e\000c\000t\000i\000o\000n\000\040\0007\000\051}{part.2}% 26
\BOOKMARK [2][-]{subsection.5.1}{\376\377\000C\000a\000s\000e\000\040\000D\000e\000f\000i\000n\000i\000t\000i\000o\000n\000s}{section.5}% 27
\BOOKMARK [2][-]{subsection.5.2}{\376\377\000C\000a\000s\000e\000\040\000B\000\040\000K\000e\000r\000n\000e\000l\000\040\000\050\000=\000\040\0000\000\051}{section.5}% 28
\BOOKMARK [2][-]{subsection.5.3}{\376\377\000C\000a\000s\000e\000\040\000C\000\040\000K\000e\000r\000n\000e\000l\000\040\000\050\000>\000\040\0000\000\051}{section.5}% 29
\BOOKMARK [0][-]{part.3}{\376\377\000I\000I\000I\000\040\000A\000l\000l\000\040\000S\000i\000x\000\040\000P\000a\000i\000r\000\040\000C\000o\000m\000b\000i\000n\000a\000t\000i\000o\000n\000s}{}% 30
\BOOKMARK [1][-]{section.6}{\376\377\000C\000o\000m\000p\000l\000e\000t\000e\000\040\000P\000a\000i\000r\000-\000b\000y\000-\000P\000a\000i\000r\000\040\000D\000e\000r\000i\000v\000a\000t\000i\000o\000n\000s}{part.3}% 31
\BOOKMARK [2][-]{subsection.6.1}{\376\377\000P\000a\000i\000r\000\040\000\050\0001\000,\0001\000\051\000:\000\040\000C\000a\000s\000e\000\040\000B\000B}{section.6}% 32
\BOOKMARK [2][-]{subsection.6.2}{\376\377\000P\000a\000i\000r\000\040\000\050\0001\000,\0002\000\051\000:\000\040\000C\000a\000s\000e\000\040\000B\000C\000\040\000\050\000A\000s\000y\000m\000m\000e\000t\000r\000i\000c\000\051}{section.6}% 33
\BOOKMARK [2][-]{subsection.6.3}{\376\377\000P\000a\000i\000r\000\040\000\050\0001\000,\0003\000\051\000:\000\040\000C\000a\000s\000e\000\040\000B\000C}{section.6}% 34
\BOOKMARK [2][-]{subsection.6.4}{\376\377\000P\000a\000i\000r\000\040\000\050\0002\000,\0002\000\051\000:\000\040\000C\000a\000s\000e\000\040\000C\000C}{section.6}% 35
\BOOKMARK [2][-]{subsection.6.5}{\376\377\000P\000a\000i\000r\000\040\000\050\0002\000,\0003\000\051\000:\000\040\000C\000a\000s\000e\000\040\000C\000C\000\040\000\050\000A\000s\000y\000m\000m\000e\000t\000r\000i\000c\000\051}{section.6}% 36
\BOOKMARK [2][-]{subsection.6.6}{\376\377\000P\000a\000i\000r\000\040\000\050\0003\000,\0003\000\051\000:\000\040\000C\000a\000s\000e\000\040\000C\000C}{section.6}% 37
\BOOKMARK [2][-]{subsection.6.7}{\376\377\000C\000o\000m\000p\000l\000e\000t\000e\000\040\000P\000a\000i\000r\000\040\000S\000u\000m\000m\000a\000r\000y\000\040\000T\000a\000b\000l\000e}{section.6}% 38
\BOOKMARK [0][-]{part.4}{\376\377\000I\000V\000\040\000M\000i\000r\000r\000o\000r\000\040\000A\000s\000s\000e\000m\000b\000l\000y}{}% 39
\BOOKMARK [1][-]{section.7}{\376\377\000M\000i\000r\000r\000o\000r\000\040\000T\000e\000r\000m\000\040\000S\000t\000r\000u\000c\000t\000u\000r\000e}{part.4}% 40
\BOOKMARK [2][-]{subsection.7.1}{\376\377\000P\000R\000Z\000Z\000\040\000M\000i\000r\000r\000o\000r\000\040\000I\000d\000e\000n\000t\000i\000t\000y\000\040\000\050\000\247\0006\000.\0002\000.\0001\000\051}{section.7}% 41
\BOOKMARK [2][-]{subsection.7.2}{\376\377\000W\000h\000i\000c\000h\000\040\000I\000n\000t\000e\000g\000r\000a\000l\000s\000\040\000R\000e\000q\000u\000i\000r\000e\000\040\000M\000i\000r\000r\000o\000r}{section.7}% 42
\BOOKMARK [2][-]{subsection.7.3}{\376\377\000M\000i\000r\000r\000o\000r\000\040\000M\000u\000l\000t\000i\000p\000l\000i\000e\000r\000\040\000D\000e\000r\000i\000v\000a\000t\000i\000o\000n\000\040\000\050\000E\000X\000A\000C\000T\000\040\000A\000L\000G\000E\000B\000R\000A\000I\000C\000\040\000I\000D\000E\000N\000T\000I\000T\000Y\000\051}{section.7}% 43
\BOOKMARK [2][-]{subsection.7.4}{\376\377\000N\000u\000m\000e\000r\000i\000c\000a\000l\000\040\000V\000e\000r\000i\000f\000i\000c\000a\000t\000i\000o\000n}{section.7}% 44
\BOOKMARK [2][-]{subsection.7.5}{\376\377\000W\000h\000y\000\040\000E\000x\000t\000e\000r\000n\000a\000l\000\040\000e\0002\000R\000\040\000D\000o\000u\000b\000l\000e\000-\000C\000o\000u\000n\000t\000s}{section.7}% 45
\BOOKMARK [0][-]{part.5}{\376\377\000V\000\040\000G\000-\000F\000a\000c\000t\000o\000r\000\040\000D\000e\000r\000i\000v\000a\000t\000i\000o\000n\000s}{}% 46
\BOOKMARK [1][-]{section.8}{\376\377\000F\000i\000r\000s\000t\000-\000P\000r\000i\000n\000c\000i\000p\000l\000e\000s\000\040\000C\000o\000r\000r\000e\000c\000t\000i\000o\000n\000\040\000F\000a\000c\000t\000o\000r\000s}{part.5}% 47
\BOOKMARK [2][-]{subsection.8.1}{\376\377\000T\000h\000e\000\040\000F\000o\000u\000r\000\040\000P\000R\000Z\000Z\000\040\000A\000x\000i\000o\000m\000s}{section.8}% 48
\BOOKMARK [2][-]{subsection.8.2}{\376\377\000B\000e\000t\000a\000\040\000M\000o\000m\000e\000n\000t\000\040\000f\000r\000o\000m\000\040\000E\000u\000l\000e\000r\000-\000M\000a\000c\000l\000a\000u\000r\000i\000n}{section.8}% 49
\BOOKMARK [2][-]{subsection.8.3}{\376\377\000D\000e\000r\000i\000v\000a\000t\000i\000o\000n\000\040\000o\000f\000\040\000g\000I\0002\000\040\000\050\000E\000X\000A\000C\000T\000\051}{section.8}% 50
\BOOKMARK [2][-]{subsection.8.4}{\376\377\000D\000e\000r\000i\000v\000a\000t\000i\000o\000n\000\040\000o\000f\000\040\000g\000I\0001\000\040\000\050\000L\000o\000g\000\040\000F\000a\000c\000t\000o\000r\000\040\000S\000e\000l\000f\000-\000C\000o\000r\000r\000e\000c\000t\000i\000o\000n\000\051}{section.8}% 51
\BOOKMARK [2][-]{subsection.8.5}{\376\377\000E\000n\000h\000a\000n\000c\000e\000m\000e\000n\000t\000\040\000F\000a\000c\000t\000o\000r\000\040\000\050\000I\0003\000/\000I\0004\000\040\000S\000t\000r\000u\000c\000t\000u\000r\000e\000\051}{section.8}% 52
\BOOKMARK [2][-]{subsection.8.6}{\376\377\000D\000e\000r\000i\000v\000a\000t\000i\000o\000n\000\040\000S\000t\000a\000t\000u\000s\000\040\000S\000u\000m\000m\000a\000r\000y}{section.8}% 53
\BOOKMARK [0][-]{part.6}{\376\377\000V\000I\000\040\000R\000i\000g\000o\000r\000o\000u\000s\000\040\000E\000r\000r\000o\000r\000\040\000B\000o\000u\000n\000d\000s}{}% 54
\BOOKMARK [1][-]{section.9}{\376\377\000C\000o\000m\000p\000l\000e\000t\000e\000\040\000E\000r\000r\000o\000r\000\040\000A\000n\000a\000l\000y\000s\000i\000s}{part.6}% 55
\BOOKMARK [2][-]{subsection.9.1}{\376\377\000F\000o\000u\000r\000\040\000E\000r\000r\000o\000r\000\040\000S\000o\000u\000r\000c\000e\000s\000\040\000\050\000P\000R\000Z\000Z\000\040\000\247\0006\000.\0001\040\023\0006\000.\0003\000\051}{section.9}% 56
\BOOKMARK [3][-]{subsubsection.9.1.1}{\376\377\000C\000c\000o\000n\000t\000o\000u\000r\000\040\040\024\000\040\000C\000o\000n\000t\000o\000u\000r\000\040\000I\000n\000t\000e\000g\000r\000a\000l\000\040\000B\000o\000u\000n\000d\000s}{subsection.9.1}% 57
\BOOKMARK [3][-]{subsubsection.9.1.2}{\376\377\000C\000T\000a\000y\000l\000o\000r\000\040\040\024\000\040\000A\000-\000F\000u\000n\000c\000t\000i\000o\000n\000\040\000T\000a\000y\000l\000o\000r\000\040\000E\000x\000p\000a\000n\000s\000i\000o\000n}{subsection.9.1}% 58
\BOOKMARK [3][-]{subsubsection.9.1.3}{\376\377\000C\000I\0005\000\040\040\024\000\040\000P\000r\000i\000m\000e\000\040\000S\000u\000m\000\040\000C\000o\000n\000t\000r\000i\000b\000u\000t\000i\000o\000n\000\040\000\050\000O\000\050\000T\000/\000L\0002\000\051\000\051}{subsection.9.1}% 59
\BOOKMARK [3][-]{subsubsection.9.1.4}{\376\377\000C\000E\000M\000\040\040\024\000\040\000E\000u\000l\000e\000r\000-\000M\000a\000c\000l\000a\000u\000r\000i\000n\000\040\000R\000e\000m\000a\000i\000n\000d\000e\000r}{subsection.9.1}% 60
\BOOKMARK [2][-]{subsection.9.2}{\376\377\000T\000h\000e\000\040\000C\000r\000i\000t\000i\000c\000a\000l\000\040\0001\000/\000R\000\040\000S\000c\000a\000l\000i\000n\000g\000\040\000D\000i\000s\000c\000o\000v\000e\000r\000y}{section.9}% 61
\BOOKMARK [2][-]{subsection.9.3}{\376\377\000C\000o\000m\000p\000l\000e\000t\000e\000\040\000R\000\040\000S\000w\000e\000e\000p\000\040\000R\000e\000s\000u\000l\000t\000s}{section.9}% 62
\BOOKMARK [2][-]{subsection.9.4}{\376\377\000T\000h\000e\000\040\000G\000e\000o\000m\000e\000t\000r\000y\000\040\000o\000f\000\040\000c\000\050\000R\000\051\000:\000\040\000K\000i\000s\000s\000i\000n\000g\000\040\000t\000h\000e\000\040\000F\000l\000o\000o\000r}{section.9}% 63
\BOOKMARK [2][-]{subsection.9.5}{\376\377\000E\000r\000r\000o\000r\000\040\000S\000o\000u\000r\000c\000e\000\040\000B\000r\000e\000a\000k\000d\000o\000w\000n\000\040\000a\000t\000\040\000R\000*}{section.9}% 64
\BOOKMARK [2][-]{subsection.9.6}{\376\377\000N\000u\000m\000e\000r\000i\000c\000a\000l\000\040\000S\000t\000a\000b\000i\000l\000i\000t\000y\000\040\000B\000o\000u\000n\000d\000s}{section.9}% 65
\BOOKMARK [2][-]{subsection.9.7}{\376\377\000W\000h\000y\000\040\000O\000u\000r\000\040\000P\000o\000l\000y\000n\000o\000m\000i\000a\000l\000s\000\040\000A\000r\000e\000\040\000S\000p\000e\000c\000i\000a\000l}{section.9}% 66
\BOOKMARK [0][-]{part.7}{\376\377\000V\000I\000I\000\040\000\040\000O\000p\000t\000i\000m\000i\000z\000a\000t\000i\000o\000n\000\040\000R\000e\000s\000u\000l\000t\000s}{}% 67
\BOOKMARK [1][-]{section.10}{\376\377\000F\000u\000l\000l\000\040\000\040\000O\000p\000t\000i\000m\000i\000z\000a\000t\000i\000o\000n}{part.7}% 68
\BOOKMARK [2][-]{subsection.10.1}{\376\377\000B\000r\000e\000a\000k\000t\000h\000r\000o\000u\000g\000h\000\040\000D\000i\000s\000c\000o\000v\000e\000r\000y\000:\000\040\000P\0001\000\040\000O\000p\000t\000i\000m\000i\000z\000a\000t\000i\000o\000n}{section.10}% 69
\BOOKMARK [2][-]{subsection.10.2}{\376\377\000O\000p\000t\000i\000m\000i\000z\000e\000d\000\040\000P\000o\000l\000y\000n\000o\000m\000i\000a\000l\000\040\000C\000o\000n\000f\000i\000g\000u\000r\000a\000t\000i\000o\000n}{section.10}% 70
\BOOKMARK [2][-]{subsection.10.3}{\376\377\000F\000u\000l\000l\000\040\000D\000e\000c\000o\000m\000p\000o\000s\000i\000t\000i\000o\000n\000\040\000a\000t\000\040\000R\000*}{section.10}% 71
\BOOKMARK [2][-]{subsection.10.4}{\376\377\000D\000e\000s\000t\000r\000u\000c\000t\000i\000v\000e\000\040\000I\000n\000t\000e\000r\000f\000e\000r\000e\000n\000c\000e\000\040\000M\000e\000c\000h\000a\000n\000i\000s\000m}{section.10}% 72
\BOOKMARK [0][-]{part.8}{\376\377\000V\000I\000I\000I\000\040\000*\000\040\000O\000p\000t\000i\000m\000i\000z\000a\000t\000i\000o\000n\000\040\000R\000e\000s\000u\000l\000t\000s}{}% 73
\BOOKMARK [1][-]{section.11}{\376\377\000S\000i\000m\000p\000l\000e\000\040\000Z\000e\000r\000o\000s\000\040\000\050\000*\000\051}{part.8}% 74
\BOOKMARK [2][-]{subsection.11.1}{\376\377\000K\000e\000y\000\040\000D\000i\000f\000f\000e\000r\000e\000n\000c\000e\000:\000\040\000L\000i\000n\000e\000a\000r\000\040\000Q}{section.11}% 75
\BOOKMARK [2][-]{subsection.11.2}{\376\377\000U\000n\000i\000v\000e\000r\000s\000a\000l\000\040\000P\0001\000\040\000T\000r\000a\000n\000s\000f\000e\000r}{section.11}% 76
\BOOKMARK [2][-]{subsection.11.3}{\376\377\000*\000\040\000O\000p\000t\000i\000m\000i\000z\000e\000d\000\040\000C\000o\000n\000f\000i\000g\000u\000r\000a\000t\000i\000o\000n}{section.11}% 77
\BOOKMARK [2][-]{subsection.11.4}{\376\377\000*\000\040\000R\000e\000s\000u\000l\000t\000s\000\040\000a\000t\000\040\000t\000h\000e\000\040\000C\000e\000i\000l\000i\000n\000g\000:\000\040\000R\000\040\000=\000\040\0001\000.\0000\0007\0009\0006\0006}{section.11}% 78
\BOOKMARK [2][-]{subsection.11.5}{\376\377\000*\000\040\000D\000e\000c\000o\000m\000p\000o\000s\000i\000t\000i\000o\000n\000\040\000a\000t\000\040\000t\000h\000e\000\040\000C\000e\000i\000l\000i\000n\000g}{section.11}% 79
\BOOKMARK [2][-]{subsection.11.6}{\376\377\000*\000\040\000T\000h\000e\000o\000r\000e\000t\000i\000c\000a\000l\000\040\000L\000i\000m\000i\000t\000:\000\040\000T\000h\000e\000\040\000S\000e\000c\000o\000n\000d\000\040\000C\000e\000i\000l\000i\000n\000g}{section.11}% 80
\BOOKMARK [0][-]{part.9}{\376\377\000I\000X\000\040\000V\000a\000l\000i\000d\000a\000t\000i\000o\000n\000\040\000a\000n\000d\000\040\000C\000o\000n\000c\000l\000u\000s\000i\000o\000n}{}% 81
\BOOKMARK [1][-]{section.12}{\376\377\000C\000o\000m\000p\000r\000e\000h\000e\000n\000s\000i\000v\000e\000\040\000V\000a\000l\000i\000d\000a\000t\000i\000o\000n}{part.9}% 82
\BOOKMARK [2][-]{subsection.12.1}{\376\377\000V\000a\000l\000i\000d\000a\000t\000i\000o\000n\000\040\000G\000a\000t\000e\000s}{section.12}% 83
\BOOKMARK [2][-]{subsection.12.2}{\376\377\000G\000-\000F\000a\000c\000t\000o\000r\000\040\000T\000r\000a\000n\000s\000f\000e\000r\000a\000b\000i\000l\000i\000t\000y\000\040\000\050\000P\000h\000a\000s\000e\000\040\0005\0008\000\051}{section.12}% 84
\BOOKMARK [2][-]{subsection.12.3}{\376\377\000B\000e\000n\000c\000h\000m\000a\000r\000k\000\040\000R\000e\000p\000r\000o\000d\000u\000c\000t\000i\000o\000n\000\040\000A\000c\000c\000u\000r\000a\000c\000y}{section.12}% 85
\BOOKMARK [2][-]{subsection.12.4}{\376\377\000T\000e\000s\000t\000\040\000C\000o\000v\000e\000r\000a\000g\000e}{section.12}% 86
\BOOKMARK [1][-]{section.13}{\376\377\000T\000h\000e\000\040\000M\000e\000t\000h\000o\000d\000'\000s\000\040\000C\000e\000i\000l\000i\000n\000g\000:\000\040\000W\000h\000a\000t\000\040\000R\000e\000m\000a\000i\000n\000s}{part.9}% 87
\BOOKMARK [2][-]{subsection.13.1}{\376\377\000W\000h\000a\000t\000\040\000t\000h\000e\000\040\000c\000\040\000=\000\040\0001\000\040\000B\000o\000u\000n\000d\000a\000r\000y\000\040\000M\000e\000a\000n\000s}{section.13}% 88
\BOOKMARK [2][-]{subsection.13.2}{\376\377\000T\000h\000e\000\040\000F\000u\000l\000l\000\040\000P\000i\000c\000t\000u\000r\000e\000\040\000a\000t\000\040\000R\000*}{section.13}% 89
\BOOKMARK [2][-]{subsection.13.3}{\376\377\000T\000h\000e\000\040\000P\000a\000t\000h\000\040\000F\000o\000r\000w\000a\000r\000d}{section.13}% 90
\BOOKMARK [2][-]{subsection.13.4}{\376\377\000T\000h\000e\000\040\000P\000o\000e\000t\000i\000c\000\040\000S\000u\000m\000m\000a\000r\000y}{section.13}% 91
\BOOKMARK [1][-]{section.14}{\376\377\000A\000s\000y\000m\000p\000t\000o\000t\000i\000c\000\040\000I\000n\000t\000e\000r\000p\000r\000e\000t\000a\000t\000i\000o\000n}{part.9}% 92
\BOOKMARK [2][-]{subsection.14.1}{\376\377\000E\000r\000r\000o\000r\000\040\000D\000e\000c\000a\000y}{section.14}% 93
\BOOKMARK [2][-]{subsection.14.2}{\376\377\000T\000h\000e\000\040\000L\000i\000m\000i\000t}{section.14}% 94
\BOOKMARK [2][-]{subsection.14.3}{\376\377\000I\000n\000t\000e\000r\000p\000r\000e\000t\000a\000t\000i\000o\000n}{section.14}% 95
\BOOKMARK [1][-]{section.15}{\376\377\000S\000u\000m\000m\000a\000r\000y\000\040\000a\000n\000d\000\040\000C\000o\000n\000c\000l\000u\000s\000i\000o\000n}{part.9}% 96
\BOOKMARK [2][-]{subsection.15.1}{\376\377\000M\000a\000i\000n\000\040\000R\000e\000s\000u\000l\000t\000s\000\040\000T\000a\000b\000l\000e}{section.15}% 97
\BOOKMARK [2][-]{subsection.15.2}{\376\377\000K\000e\000y\000\040\000C\000o\000n\000t\000r\000i\000b\000u\000t\000i\000o\000n\000s}{section.15}% 98
\BOOKMARK [2][-]{subsection.15.3}{\376\377\000W\000h\000a\000t\000\040\000W\000e\000\040\000P\000r\000o\000v\000e\000d}{section.15}% 99
\BOOKMARK [2][-]{subsection.15.4}{\376\377\000W\000h\000a\000t\000\040\000T\000h\000i\000s\000\040\000M\000e\000a\000n\000s}{section.15}% 100
\BOOKMARK [2][-]{subsection.15.5}{\376\377\000W\000h\000a\000t\000\040\000T\000h\000i\000s\000\040\000D\000o\000e\000s\000\040\000N\000O\000T\000\040\000P\000r\000o\000v\000e}{section.15}% 101
\BOOKMARK [2][-]{subsection.15.6}{\376\377\000T\000h\000e\000\040\000P\000a\000t\000h\000\040\000F\000o\000r\000w\000a\000r\000d}{section.15}% 102
\BOOKMARK [2][-]{subsection.15.7}{\376\377\000I\000n\000t\000e\000r\000p\000r\000e\000t\000a\000t\000i\000o\000n}{section.15}% 103
\BOOKMARK [2][-]{subsection.15.8}{\376\377\000T\000o\000w\000a\000r\000d\000\040\000R\000i\000g\000o\000r\000o\000u\000s\000\040\000C\000e\000r\000t\000i\000f\000i\000c\000a\000t\000i\000o\000n\000\040\000o\000f\000\040\000S\000a\000t\000u\000r\000a\000t\000i\000o\000n}{section.15}% 104
\BOOKMARK [1][-]{section.16}{\376\377\000F\000u\000r\000t\000h\000e\000r\000\040\000D\000i\000r\000e\000c\000t\000i\000o\000n\000s}{part.9}% 105
\BOOKMARK [2][-]{subsection.16.1}{\376\377\000R\000i\000g\000o\000r\000o\000u\000s\000\040\000C\000e\000r\000t\000i\000f\000i\000c\000a\000t\000i\000o\000n\000\040\000o\000f\000\040\000S\000a\000t\000u\000r\000a\000t\000i\000o\000n}{section.16}% 106
\BOOKMARK [2][-]{subsection.16.2}{\376\377\000R\000e\000d\000u\000c\000i\000n\000g\000\040\000t\000h\000e\000\040\000F\000i\000n\000i\000t\000e\000-\000H\000e\000i\000g\000h\000t\000\040\000E\000r\000r\000o\000r\000\040\000T\000e\000r\000m}{section.16}% 107
\BOOKMARK [2][-]{subsection.16.3}{\376\377\000H\000i\000g\000h\000e\000r\000-\000P\000i\000e\000c\000e\000\040\000M\000o\000l\000l\000i\000f\000i\000e\000r\000s}{section.16}% 108
\BOOKMARK [2][-]{subsection.16.4}{\376\377\000U\000n\000d\000e\000r\000s\000t\000a\000n\000d\000i\000n\000g\000\040\000t\000h\000e\000\040\000`\000`\000B\000e\000l\000o\000w\000\040\000t\000h\000e\000\040\000D\000i\000a\000g\000o\000n\000a\000l\000'\000'\000\040\000M\000e\000c\000h\000a\000n\000i\000s\000m}{section.16}% 109
\BOOKMARK [2][-]{subsection.16.5}{\376\377\000S\000i\000m\000p\000l\000i\000c\000i\000t\000y\000\040\000a\000n\000d\000\040\000M\000u\000l\000t\000i\000p\000l\000i\000c\000i\000t\000y\000\040\000Q\000u\000e\000s\000t\000i\000o\000n\000s}{section.16}% 110
\BOOKMARK [2][-]{subsection.16.6}{\376\377\000Q\000u\000a\000n\000t\000i\000f\000y\000i\000n\000g\000\040\000t\000h\000e\000\040\000E\000x\000c\000e\000p\000t\000i\000o\000n\000a\000l\000\040\000S\000e\000t}{section.16}% 111
\BOOKMARK [2][-]{subsection.16.7}{\376\377\000T\000r\000a\000n\000s\000f\000e\000r\000\040\000t\000o\000\040\000O\000t\000h\000e\000r\000\040\000L\000-\000F\000u\000n\000c\000t\000i\000o\000n\000s}{section.16}% 112
\BOOKMARK [2][-]{subsection.16.8}{\376\377\000C\000o\000m\000p\000u\000t\000a\000t\000i\000o\000n\000a\000l\000\040\000R\000e\000p\000r\000o\000d\000u\000c\000i\000b\000i\000l\000i\000t\000y}{section.16}% 113
\BOOKMARK [1][-]{appendix.A}{\376\377\000E\000x\000p\000l\000i\000c\000i\000t\000\040\000P\000a\000i\000r\000\040\000F\000o\000r\000m\000u\000l\000a\000s}{part.9}% 114
\BOOKMARK [2][-]{subsection.A.1}{\376\377\000C\000o\000m\000p\000l\000e\000t\000e\000\040\000I\0001\000\050\0001\000,\0001\000\051\000\040\000F\000o\000r\000m\000u\000l\000a}{appendix.A}% 115
\BOOKMARK [2][-]{subsection.A.2}{\376\377\000C\000o\000m\000p\000l\000e\000t\000e\000\040\000I\0002\000\050\0001\000,\0002\000\051\000\040\000F\000o\000r\000m\000u\000l\000a}{appendix.A}% 116
\BOOKMARK [1][-]{appendix.B}{\376\377\000C\000o\000m\000p\000l\000e\000t\000e\000\040\000D\000e\000r\000i\000v\000a\000t\000i\000o\000n\000\040\000C\000h\000a\000i\000n}{part.9}% 117
\BOOKMARK [1][-]{appendix.C}{\376\377\000P\000o\000l\000y\000n\000o\000m\000i\000a\000l\000\040\000C\000o\000e\000f\000f\000i\000c\000i\000e\000n\000t\000\040\000T\000a\000b\000l\000e\000s}{part.9}% 118
\BOOKMARK [2][-]{subsection.C.1}{\376\377\000P\0001\000\040\000C\000o\000e\000f\000f\000i\000c\000i\000e\000n\000t\000s\000\040\000\050\000T\000i\000l\000d\000e\000\040\000B\000a\000s\000i\000s\000\051}{appendix.C}% 119
\BOOKMARK [2][-]{subsection.C.2}{\376\377\000P\0002\000\040\000a\000n\000d\000\040\000P\0003\000\040\000C\000o\000e\000f\000f\000i\000c\000i\000e\000n\000t\000s}{appendix.C}% 120
\BOOKMARK [2][-]{subsection.C.3}{\376\377\000Q\000\040\000P\000o\000l\000y\000n\000o\000m\000i\000a\000l\000\040\000C\000o\000e\000f\000f\000i\000c\000i\000e\000n\000t\000s}{appendix.C}% 121
\BOOKMARK [1][-]{appendix.D}{\376\377\000N\000u\000m\000e\000r\000i\000c\000a\000l\000\040\000C\000o\000n\000s\000t\000a\000n\000t\000s}{part.9}% 122
\BOOKMARK [1][-]{appendix.E}{\376\377\000A\000c\000k\000n\000o\000w\000l\000e\000d\000g\000m\000e\000n\000t\000s}{part.9}% 123
