\BOOKMARK [1][-]{section.1}{\376\377\000I\000n\000t\000r\000o\000d\000u\000c\000t\000i\000o\000n}{}% 1
\BOOKMARK [1][-]{section.2}{\376\377\000T\000h\000e\000\040\000\040\000B\000o\000u\000n\000d\000\040\000F\000r\000a\000m\000e\000w\000o\000r\000k}{}% 2
\BOOKMARK [2][-]{subsection.2.1}{\376\377\000M\000a\000i\000n\000\040\000F\000o\000r\000m\000u\000l\000a}{section.2}% 3
\BOOKMARK [2][-]{subsection.2.2}{\376\377\000M\000o\000l\000l\000i\000f\000i\000e\000r\000\040\000S\000t\000r\000u\000c\000t\000u\000r\000e}{section.2}% 4
\BOOKMARK [2][-]{subsection.2.3}{\376\377\000M\000a\000i\000n\000\040\000T\000e\000r\000m\000\040\000A\000s\000s\000e\000m\000b\000l\000y}{section.2}% 5
\BOOKMARK [1][-]{section.3}{\376\377\000T\000h\000e\000\040\000\040\000C\000l\000a\000s\000s\000i\000f\000i\000c\000a\000t\000i\000o\000n}{}% 6
\BOOKMARK [1][-]{section.4}{\376\377\000\040\000O\000p\000t\000i\000m\000i\000z\000a\000t\000i\000o\000n\000\040\000R\000e\000s\000u\000l\000t\000s}{}% 7
\BOOKMARK [2][-]{subsection.4.1}{\376\377\000O\000p\000t\000i\000m\000i\000z\000e\000d\000\040\000P\000o\000l\000y\000n\000o\000m\000i\000a\000l\000s}{section.4}% 8
\BOOKMARK [2][-]{subsection.4.2}{\376\377\000P\000e\000r\000-\000P\000a\000i\000r\000\040\000B\000r\000e\000a\000k\000d\000o\000w\000n}{section.4}% 9
\BOOKMARK [2][-]{subsection.4.3}{\376\377\000R\000e\000s\000u\000l\000t}{section.4}% 10
\BOOKMARK [1][-]{section.5}{\376\377\000*\000\040\000O\000p\000t\000i\000m\000i\000z\000a\000t\000i\000o\000n\000\040\000R\000e\000s\000u\000l\000t\000s}{}% 11
\BOOKMARK [2][-]{subsection.5.1}{\376\377\000O\000p\000t\000i\000m\000i\000z\000e\000d\000\040\000P\000o\000l\000y\000n\000o\000m\000i\000a\000l\000s}{section.5}% 12
\BOOKMARK [2][-]{subsection.5.2}{\376\377\000P\000e\000r\000-\000P\000a\000i\000r\000\040\000B\000r\000e\000a\000k\000d\000o\000w\000n}{section.5}% 13
\BOOKMARK [2][-]{subsection.5.3}{\376\377\000R\000e\000s\000u\000l\000t}{section.5}% 14
\BOOKMARK [1][-]{section.6}{\376\377\000M\000a\000t\000h\000e\000m\000a\000t\000i\000c\000a\000l\000\040\000V\000a\000l\000i\000d\000i\000t\000y\000\040\000o\000f\000\040\000N\000e\000g\000a\000t\000i\000v\000e\000\040\000C\000o\000n\000t\000r\000i\000b\000u\000t\000i\000o\000n\000s}{}% 15
\BOOKMARK [1][-]{section.7}{\376\377\000V\000a\000l\000i\000d\000a\000t\000i\000o\000n}{}% 16
\BOOKMARK [2][-]{subsection.7.1}{\376\377\000Q\000u\000a\000d\000r\000a\000t\000u\000r\000e\000\040\000I\000n\000v\000a\000r\000i\000a\000n\000c\000e}{section.7}% 17
\BOOKMARK [2][-]{subsection.7.2}{\376\377\000C\000r\000o\000s\000s\000-\000R\000\040\000R\000o\000b\000u\000s\000t\000n\000e\000s\000s}{section.7}% 18
\BOOKMARK [2][-]{subsection.7.3}{\376\377\000P\000o\000l\000y\000n\000o\000m\000i\000a\000l\000\040\000A\000m\000p\000l\000i\000t\000u\000d\000e\000\040\000C\000o\000n\000s\000t\000r\000a\000i\000n\000t\000s}{section.7}% 19
\BOOKMARK [1][-]{section.8}{\376\377\000C\000o\000n\000c\000l\000u\000s\000i\000o\000n}{}% 20
